<html>
<body>
<pre>
<h1>µVision Build Log</h1>
<h2>Project:</h2>
E:\codes\Stm32\BasicLearning\GPIO\IOToggle\Project\MDK-ARM(uV4)\IOToggle.uvproj
Project File Date:  01/26/2015

<h2>Output:</h2>
Rebuild target 'IOToggle'
assembling startup_stm32f10x_hd.s...
compiling core_cm3.c...
compiling system_stm32f10x.c...
compiling misc.c...
compiling stm32f10x_gpio.c...
compiling stm32f10x_rcc.c...
compiling main.c...
compiling stm32f10x_it.c...
linking...
Program Size: Code=5576 RO-data=336 RW-data=40 ZI-data=1024  
FromELF: creating hex file...
".\Obj\IOToggle.axf" - 0 Error(s), 0 Warning(s).
